// Vitest Snapshot v1

exports[`<Menu /> > should match to snapshot  1`] = `
.c0 {
  display: -webkit-box;
  display: -webkit-flex;
  display: -ms-flexbox;
  display: flex;
  height: 6rem;
  top: 0;
  left: 0;
  right: 0;
  background: transparent;
  -webkit-align-items: center;
  -webkit-box-align: center;
  -ms-flex-align: center;
  align-items: center;
  -webkit-box-pack: justify;
  -webkit-justify-content: space-between;
  -ms-flex-pack: justify;
  justify-content: space-between;
  overflow: hidden;
  position: fixed;
  -webkit-transition: all 200ms ease-in-out;
  transition: all 200ms ease-in-out;
  z-index: 4;
}

.c1 {
  padding: 5rem;
}

.c2 {
  width: 12rem;
  height: 12rem;
}

.c3 {
  padding: 5rem;
}

.c4 {
  width: 3rem;
  height: 3rem;
}

<div>
  <menu
    aria-label="menu"
    class="c0 menu"
    style="background: transparent;"
  >
    <a
      aria-label="Netflix"
      class="c1"
      href="https://www.netflix.com/br/"
      target="_self"
    >
      <img
        class="c2"
        src="/assets/image/netflix.svg"
      />
    </a>
    <a
      aria-label="Icone"
      class="c3"
      href="#"
    >
      <img
        class="c4"
        src="/assets/image/avatar.png"
      />
    </a>
  </menu>
</div>
`;
