// Vitest Snapshot v1

exports[`<Header /> > should match to snapshot 1`] = `
.c4 {
  color: #FFFFFF;
  font-size: 3.2rem;
  text-transform: none;
}

.c15 {
  font-size: 1.6rem;
  color: #FFFFFF;
  font-family: 'Open Sans',sans-serif;
}

.c15 a,
.c15 a:visited,
.c15 a:link {
  color: #FFFFFF;
  -webkit-text-decoration: none;
  text-decoration: none;
  -webkit-transition: all 300ms ease-in-out;
  transition: all 300ms ease-in-out;
}

.c15 a:hover {
  -webkit-filter: brightness(50%);
  filter: brightness(50%);
}

.c0 {
  height: 97vh;
}

.c1 {
  width: inherit;
  height: inherit;
  background: linear-gradient(to top,#0d0c0c 5%,transparent 100%);
}

.c2 {
  width: inherit;
  height: inherit;
  background: linear-gradient(to right ,#0d0c0c 18%,transparent 95%);
  display: -webkit-box;
  display: -webkit-flex;
  display: -ms-flexbox;
  display: flex;
  -webkit-flex-direction: column;
  -ms-flex-direction: column;
  flex-direction: column;
  -webkit-box-pack: center;
  -webkit-justify-content: center;
  -ms-flex-pack: center;
  justify-content: center;
  padding-left: 3rem;
  padding-top: 4rem;
}

.c2 .c3 {
  max-width: 50%;
}

.c16 {
  border: none;
  background: rgba(255,255,255,10%);
  padding: 0.5rem 2rem;
  margin-top: 3rem;
  cursor: pointer;
  -webkit-transition: all 200ms ease-in-out;
  transition: all 200ms ease-in-out;
  font-weight: bold;
  font-size: 1.6rem;
}

.c16:hover {
  background: rgba(255,255,255,20%);
}

.c17 {
  display: -webkit-box;
  display: -webkit-flex;
  display: -ms-flexbox;
  display: flex;
  -webkit-text-decoration: none;
  text-decoration: none;
  -webkit-box-pack: center;
  -webkit-justify-content: center;
  -ms-flex-pack: center;
  justify-content: center;
  -webkit-align-items: center;
  -webkit-box-align: center;
  -ms-flex-align: center;
  align-items: center;
}

.c17 >svg {
  width: 4rem;
  color: #FFFFFF;
  padding: 0 0.5rem;
}

.c13 {
  display: inline-block;
  vertical-align: middle;
  overflow: hidden;
}

.c11 {
  border: none;
  background: rgba(255,255,255,70%);
  padding: 0.5rem 2rem;
  margin-top: 3rem;
  cursor: pointer;
  -webkit-transition: all 200ms ease-in-out;
  transition: all 200ms ease-in-out;
  font-weight: bold;
  font-size: 1.6rem;
}

.c11:hover {
  background: rgba(255,255,255,80%);
}

.c12 {
  -webkit-text-decoration: none;
  text-decoration: none;
  -webkit-box-pack: center;
  -webkit-justify-content: center;
  -ms-flex-pack: center;
  justify-content: center;
  -webkit-align-items: center;
  -webkit-box-align: center;
  -ms-flex-align: center;
  align-items: center;
  display: -webkit-box;
  display: -webkit-flex;
  display: -ms-flexbox;
  display: flex;
  -webkit-text-decoration: none;
  text-decoration: none;
  color: #0d0c0c;
}

.c12 .c14 {
  color: #0d0c0c;
}

.c12 >svg {
  width: 4rem;
  color: black;
  padding: 0 0.5rem;
}

.c5 {
  font-size: 1.8rem;
  font-weight: bold;
  margin-top: 1.5rem;
  color: #FFFFFF;
}

.c6 {
  display: inline-block;
  color: #46d369;
  margin-right: 1.5rem;
}

.c7 {
  display: inline-block;
  margin-right: 1.5rem;
}

.c8 {
  display: inline-block;
}

.c9 {
  margin-top: 1.5rem;
  font-size: 1.6rem;
  color: #C6C8CC;
  max-width: 35%;
}

.c10 {
  margin-top: 1.3rem;
  color: #C6C8CC;
  font-size: 1.6rem;
  font-style: italic;
}

@media (max-width:768px) {
  .c15 {
    font-size: 1.6rem;
  }
}

<div>
  <section
    aria-label="Wrapper"
    class="c0"
    style="background-size: cover; background-position: center; background-image: url(https://image.tmdb.org/t/p/original/undefined);"
  >
    <div
      class="c1"
    >
      <div
        class="c2"
      >
        <h1
          class="c3 c4"
        />
        <div
          class="c5"
        >
          <div
            class="c6"
          >
             
             pontos
          </div>
          <div
            class="c7"
          >
             Ano 
            NaN
          </div>
          <div
            class="c8"
          >
             temporada
            s
          </div>
          <div
            class="c9"
          />
          <div
            class="c10"
          >
            <strong>
              GÃªneros: 
            </strong>
          </div>
          <button
            class="c11"
          >
            <a
              class="c12"
              href="/watch/undefined"
            >
              <svg
                aria-hidden="true"
                class="c13"
                fill="currentColor"
                focusable="false"
                role="Play"
                viewBox="0 0 16 16"
                xmlns="http://www.w3.org/2000/svg"
              >
                <path
                  d="M10.804 8 5 4.633v6.734L10.804 8zm.792-.696a.802.802 0 0 1 0 1.392l-6.363 3.692C4.713 12.69 4 12.345 4 11.692V4.308c0-.653.713-.998 1.233-.696l6.363 3.692z"
                />
              </svg>
               
              <div
                class="c14 c15"
              >
                Assistir
              </div>
            </a>
          </button>
          <button
            class="c16"
          >
            <a
              class="c17"
              href="list/add/undefined"
            >
              <svg
                aria-hidden="true"
                class="c13"
                fill="currentColor"
                focusable="false"
                viewBox="0 0 20 20"
                xmlns="http://www.w3.org/2000/svg"
              >
                <path
                  d="M19.4 9H16V5.6c0-.6-.4-.6-1-.6s-1 0-1 .6V9h-3.4c-.6 0-.6.4-.6 1s0 1 .6 1H14v3.4c0 .6.4.6 1 .6s1 0 1-.6V11h3.4c.6 0 .6-.4.6-1s0-1-.6-1zm-12 0H.6C0 9 0 9.4 0 10s0 1 .6 1h6.8c.6 0 .6-.4.6-1s0-1-.6-1zm0 5H.6c-.6 0-.6.4-.6 1s0 1 .6 1h6.8c.6 0 .6-.4.6-1s0-1-.6-1zm0-10H.6C0 4 0 4.4 0 5s0 1 .6 1h6.8C8 6 8 5.6 8 5s0-1-.6-1z"
                />
              </svg>
               
              <div
                class="c14 c15"
              >
                Minha Lista
              </div>
            </a>
          </button>
        </div>
      </div>
    </div>
  </section>
</div>
`;
