// Vitest Snapshot v1

exports[`<Text /> > should match to snapshot 1`] = `
.c0 {
  font-size: 1.6rem;
  color: #FFFFFF;
  font-family: 'Open Sans',sans-serif;
}

.c0 a,
.c0 a:visited,
.c0 a:link {
  color: #FFFFFF;
  -webkit-text-decoration: none;
  text-decoration: none;
  -webkit-transition: all 300ms ease-in-out;
  transition: all 300ms ease-in-out;
}

.c0 a:hover {
  -webkit-filter: brightness(50%);
  filter: brightness(50%);
}

@media (max-width:768px) {
  .c0 {
    font-size: 1.6rem;
  }
}

<div>
  <div
    class="c0"
  >
    Oi
  </div>
</div>
`;
