// Vitest Snapshot v1

exports[`<ItensApi /> > should match to snapshot 1`] = `
.c10 {
  font-size: 1.6rem;
  color: #FFFFFF;
  font-family: 'Open Sans',sans-serif;
}

.c10 a,
.c10 a:visited,
.c10 a:link {
  color: #FFFFFF;
  -webkit-text-decoration: none;
  text-decoration: none;
  -webkit-transition: all 300ms ease-in-out;
  transition: all 300ms ease-in-out;
}

.c10 a:hover {
  -webkit-filter: brightness(50%);
  filter: brightness(50%);
}

.c11 {
  border: none;
  background: rgba(255,255,255,10%);
  padding: 0.5rem 2rem;
  margin-top: 3rem;
  cursor: pointer;
  -webkit-transition: all 200ms ease-in-out;
  transition: all 200ms ease-in-out;
  font-weight: bold;
  font-size: 1.6rem;
}

.c11:hover {
  background: rgba(255,255,255,20%);
}

.c12 {
  display: -webkit-box;
  display: -webkit-flex;
  display: -ms-flexbox;
  display: flex;
  -webkit-text-decoration: none;
  text-decoration: none;
  -webkit-box-pack: center;
  -webkit-justify-content: center;
  -ms-flex-pack: center;
  justify-content: center;
  -webkit-align-items: center;
  -webkit-box-align: center;
  -ms-flex-align: center;
  align-items: center;
}

.c12 >svg {
  width: 4rem;
  color: #FFFFFF;
  padding: 0 0.5rem;
}

.c8 {
  display: inline-block;
  vertical-align: middle;
  overflow: hidden;
}

.c6 {
  border: none;
  background: rgba(255,255,255,70%);
  padding: 0.5rem 2rem;
  margin-top: 3rem;
  cursor: pointer;
  -webkit-transition: all 200ms ease-in-out;
  transition: all 200ms ease-in-out;
  font-weight: bold;
  font-size: 1.6rem;
}

.c6:hover {
  background: rgba(255,255,255,80%);
}

.c7 {
  -webkit-text-decoration: none;
  text-decoration: none;
  -webkit-box-pack: center;
  -webkit-justify-content: center;
  -ms-flex-pack: center;
  justify-content: center;
  -webkit-align-items: center;
  -webkit-box-align: center;
  -ms-flex-align: center;
  align-items: center;
  display: -webkit-box;
  display: -webkit-flex;
  display: -ms-flexbox;
  display: flex;
  -webkit-text-decoration: none;
  text-decoration: none;
  color: #0d0c0c;
}

.c7 .c9 {
  color: #0d0c0c;
}

.c7 >svg {
  width: 4rem;
  color: black;
  padding: 0 0.5rem;
}

.c0 {
  font-size: 1.8rem;
  font-weight: bold;
  margin-top: 1.5rem;
  color: #FFFFFF;
}

.c1 {
  display: inline-block;
  color: #46d369;
  margin-right: 1.5rem;
}

.c2 {
  display: inline-block;
  margin-right: 1.5rem;
}

.c3 {
  display: inline-block;
}

.c4 {
  margin-top: 1.5rem;
  font-size: 1.6rem;
  color: #C6C8CC;
  max-width: 35%;
}

.c5 {
  margin-top: 1.3rem;
  color: #C6C8CC;
  font-size: 1.6rem;
  font-style: italic;
}

@media (max-width:768px) {
  .c10 {
    font-size: 1.6rem;
  }
}

<div>
  <div
    class="c0"
  >
    <div
      class="c1"
    >
       
      9.5
       pontos
    </div>
    <div
      class="c2"
    >
       
      2016
    </div>
    <div
      class="c3"
    >
      5 temporada
      s
    </div>
    <div
      class="c4"
    >
      Descrição
    </div>
    <div
      class="c5"
    >
      <strong>
        Gêneros: 
      </strong>
      terror, comédia
    </div>
    <button
      class="c6"
    >
      <a
        class="c7"
        href="/watch/1"
      >
        <svg
          aria-hidden="true"
          class="c8"
          fill="currentColor"
          focusable="false"
          role="Play"
          viewBox="0 0 16 16"
          xmlns="http://www.w3.org/2000/svg"
        >
          <path
            d="M10.804 8 5 4.633v6.734L10.804 8zm.792-.696a.802.802 0 0 1 0 1.392l-6.363 3.692C4.713 12.69 4 12.345 4 11.692V4.308c0-.653.713-.998 1.233-.696l6.363 3.692z"
          />
        </svg>
         
        <div
          class="c9 c10"
        >
          Assistir
        </div>
      </a>
    </button>
    <button
      class="c11"
    >
      <a
        class="c12"
        href="list/add/1"
      >
        <svg
          aria-hidden="true"
          class="c8"
          fill="currentColor"
          focusable="false"
          viewBox="0 0 20 20"
          xmlns="http://www.w3.org/2000/svg"
        >
          <path
            d="M19.4 9H16V5.6c0-.6-.4-.6-1-.6s-1 0-1 .6V9h-3.4c-.6 0-.6.4-.6 1s0 1 .6 1H14v3.4c0 .6.4.6 1 .6s1 0 1-.6V11h3.4c.6 0 .6-.4.6-1s0-1-.6-1zm-12 0H.6C0 9 0 9.4 0 10s0 1 .6 1h6.8c.6 0 .6-.4.6-1s0-1-.6-1zm0 5H.6c-.6 0-.6.4-.6 1s0 1 .6 1h6.8c.6 0 .6-.4.6-1s0-1-.6-1zm0-10H.6C0 4 0 4.4 0 5s0 1 .6 1h6.8C8 6 8 5.6 8 5s0-1-.6-1z"
          />
        </svg>
         
        <div
          class="c9 c10"
        >
          Minha Lista
        </div>
      </a>
    </button>
  </div>
</div>
`;
